// Jest Snapshot v1, https://goo.gl/fbAQLP

exports[`Test Sidebar Sidebar renders correctly 1`] = `
<div
  className="sc-cIShpX uKTiV sidebar"
>
  <div
    className="sc-kafWEX cuHkNG"
  >
    <div
      className="sc-feJyhm bhFTrd"
    >
      <img
        alt="VH graphic"
        src="IconMock"
      />
    </div>
    <hr
      className="sc-iELTvK gJUmXb"
    />
    <div
      className="sc-bdVaJa sc-bwzfXH sc-bZQynM jxTPlc"
      height="calc(100% - calc(8rem + 160px))"
    >
      <ul
        className="sc-bYSBpT fNBEei"
      >
        <li>
          <a
            aria-current={null}
            className="sc-lhVmIH flWduN"
            href="/dashboard"
            onClick={[Function]}
          >
            <button
              className="sc-gqjmRU sc-fjdhpX goWjNZ sc-jwKygS jpAlqx"
            >
              <div
                className="sc-htoDjs sc-dnqmqq caLfPx sc-jwKygS jpAlqx"
              >
                Dashboard
              </div>
            </button>
          </a>
        </li>
        <li>
          <a
            aria-current={null}
            className="sc-lhVmIH flWduN"
            href="/application"
            onClick={[Function]}
          >
            <button
              className="sc-gqjmRU sc-fjdhpX goWjNZ sc-jwKygS jpAlqx"
            >
              <div
                className="sc-htoDjs sc-dnqmqq caLfPx sc-jwKygS jpAlqx"
              >
                Apply
              </div>
            </button>
          </a>
        </li>
        <li>
          <a
            aria-current={null}
            className="sc-lhVmIH flWduN"
            href="/help"
            onClick={[Function]}
          >
            <button
              className="sc-gqjmRU sc-fjdhpX goWjNZ sc-jwKygS jpAlqx"
            >
              <div
                className="sc-htoDjs sc-dnqmqq caLfPx sc-jwKygS jpAlqx"
              >
                Help
              </div>
            </button>
          </a>
        </li>
      </ul>
      <div
        className="sc-bdVaJa sc-bwzfXH sc-EHOje jxVFlK"
        height="min-content"
      >
        <a
          className="sc-btzYZH dvpwSc"
          href="/api/logout"
        >
          <button
            className="sc-gqjmRU sc-fjdhpX goWjNZ sc-jwKygS jpAlqx"
          >
            <div
              className="sc-htoDjs sc-dnqmqq caLfPx sc-jwKygS jpAlqx"
            >
              Logout
            </div>
          </button>
        </a>
        <hr
          className="sc-iELTvK sc-cmTdod eeLCXz"
        />
        <h1
          className="sc-jzJRlG hdnVAr"
        >
          VandyHacks VI
        </h1>
      </div>
    </div>
  </div>
</div>
`;
