// Jest Snapshot v1, https://goo.gl/fbAQLP

exports[`Test Frame Frame renders correctly 1`] = `
<div
  className="sc-elJkPf gBaLlZ"
  onFocus={[Function]}
>
  <div
    className="header"
  >
    <div
      className="sc-bdVaJa sc-bwzfXH sc-htpNat sc-bxivhb efNTZh"
    >
      <button
        className="sc-kTUwUJ ctrGMQ"
        onClick={[Function]}
        type="button"
      >
        <div
          className="bar1"
        />
        <div
          className="bar2"
        />
        <div
          className="bar3"
        />
      </button>
      <h1
        className="sc-gipzik fBtlhE"
        color="#3148A1"
      >
        Dashboard
      </h1>
    </div>
    <div
      className="sc-jtRfpW XxQkV"
    />
  </div>
  <div
    className="sc-cIShpX uKTiV sidebar"
  >
    <div
      className="sc-kafWEX cuHkNG"
    >
      <div
        className="sc-feJyhm bhFTrd"
      >
        <img
          alt="VH graphic"
          src="IconMock"
        />
      </div>
      <hr
        className="sc-iELTvK gJUmXb"
      />
      <div
        className="sc-bdVaJa sc-bwzfXH sc-bZQynM jxTPlc"
        height="calc(100% - calc(8rem + 160px))"
      >
        <ul
          className="sc-bYSBpT fNBEei"
        >
          <li>
            <a
              aria-current={null}
              className="sc-lhVmIH flWduN"
              href="/dashboard"
              onClick={[Function]}
            >
              <button
                className="sc-gqjmRU sc-fjdhpX goWjNZ sc-jwKygS jpAlqx"
              >
                <div
                  className="sc-htoDjs sc-dnqmqq caLfPx sc-jwKygS jpAlqx"
                >
                  Dashboard
                </div>
              </button>
            </a>
          </li>
          <li>
            <a
              aria-current={null}
              className="sc-lhVmIH flWduN"
              href="/application"
              onClick={[Function]}
            >
              <button
                className="sc-gqjmRU sc-fjdhpX goWjNZ sc-jwKygS jpAlqx"
              >
                <div
                  className="sc-htoDjs sc-dnqmqq caLfPx sc-jwKygS jpAlqx"
                >
                  Apply
                </div>
              </button>
            </a>
          </li>
          <li>
            <a
              aria-current={null}
              className="sc-lhVmIH flWduN"
              href="/help"
              onClick={[Function]}
            >
              <button
                className="sc-gqjmRU sc-fjdhpX goWjNZ sc-jwKygS jpAlqx"
              >
                <div
                  className="sc-htoDjs sc-dnqmqq caLfPx sc-jwKygS jpAlqx"
                >
                  Help
                </div>
              </button>
            </a>
          </li>
        </ul>
        <div
          className="sc-bdVaJa sc-bwzfXH sc-EHOje jxVFlK"
          height="min-content"
        >
          <a
            className="sc-btzYZH dvpwSc"
            href="/api/logout"
          >
            <button
              className="sc-gqjmRU sc-fjdhpX goWjNZ sc-jwKygS jpAlqx"
            >
              <div
                className="sc-htoDjs sc-dnqmqq caLfPx sc-jwKygS jpAlqx"
              >
                Logout
              </div>
            </button>
          </a>
          <hr
            className="sc-iELTvK sc-cmTdod eeLCXz"
          />
          <h1
            className="sc-jzJRlG hdnVAr"
          >
            VandyHacks VI
          </h1>
        </div>
      </div>
    </div>
  </div>
  <div
    className="sc-gzVnrw dkqizV content"
  >
    <div
      className="sc-bdVaJa sc-bwzfXH sc-ifAKCX kHHPcv"
    >
      <div
        className="sc-bdVaJa sc-bwzfXH sc-ifAKCX sc-kgoBCf sc-csuQGl eLMnBq"
      >
        <div
          className="sc-bdVaJa sc-bwzfXH dgnCwc"
        >
          <h1
            className="sc-gipzik fIPhmm"
            fontSize="1.75rem"
          >
            Your application status:
          </h1>
          <button
            className="sc-gqjmRU sc-cSHVUG juDkhG"
            onClick={[Function]}
          >
            <div
              className="sc-htoDjs Dufyp"
              color="white"
              fontSize="1.4em"
            >
              Complete your application
            </div>
          </button>
        </div>
      </div>
    </div>
  </div>
</div>
`;
